source: /tmp/model/source.glb
running: blender -b -noaudio --python .github/model_probe.py -- /tmp/model/source.glb
blender exit: 0
SOURCE import: /tmp/model/source.glb .glb
wrote probe/model/objects.json 60689
wrote probe/model/groups.json 16239
wrote probe/model/materials.json 78413
wrote probe/model/textures.json 246
wrote probe/model/geometry_index.json 6037
geometry: 43 meshes, 10890 verts, 391363 bytes raw -> 65379 gz
render engine: CYCLES
wrote probe/model/probe.log 887
MODEL_PROBE_FAILED
total 268
drwxr-xr-x 2 runner runner  4096 Sep 18 16:12 .
drwxr-xr-x 4 runner runner  4096 Sep 18 16:12 ..
-rw-r--r-- 1 runner runner  3371 Sep 18 16:12 blender_raw.log
-rw-r--r-- 1 runner runner   717 Sep 18 16:12 fetch.log
-rw-r--r-- 1 runner runner 65379 Sep 18 16:12 geometry.json.gz
-rw-r--r-- 1 runner runner  6037 Sep 18 16:12 geometry_index.json
-rw-r--r-- 1 runner runner 16239 Sep 18 16:12 groups.json
-rw-r--r-- 1 runner runner   363 Sep 18 16:12 install.log
-rw-r--r-- 1 runner runner 78413 Sep 18 16:12 materials.json
-rw-r--r-- 1 runner runner 60689 Sep 18 16:12 objects.json
-rw-r--r-- 1 runner runner   887 Sep 18 16:12 probe.log
-rw-r--r-- 1 runner runner   358 Sep 18 16:12 publish.txt
-rw-r--r-- 1 runner runner   501 Sep 18 16:12 run.log
-rw-r--r-- 1 runner runner  1406 Sep 18 16:12 tex_Viewer_Node.png
-rw-r--r-- 1 runner runner   246 Sep 18 16:12 textures.json
