importing /tmp/model/source.glb
engine BLENDER_EEVEE
FACETS Landscape: 2549 polys, 2549 smooth-shaded
FACETS Landscape: face area median 0.00200 (edge ~0.0447), max 0.12312
FACETS Landscape: ngons [(3, 2549)]
FACETS rock_01: 40 polys, 2 smooth-shaded
FACETS rock_01: face area median 0.00061 (edge ~0.0247), max 0.00086
FACETS rock_01: ngons [(3, 40)]
FACETS tree.001: 464 polys, 29 smooth-shaded
FACETS tree.001: face area median 0.00133 (edge ~0.0364), max 0.02346
FACETS tree.001: ngons [(3, 464)]
rendered island_iso.png
rendered island_low.png
rendered island_top.png
rendered hill_close.png
rendered lake_close.png
planted tree.001 at -0.3 0.05 height 0.12
planted tree.002 at 0.15 0.35 height -0.006
planted tree.003 at 0.05 0.62 height 0.041
rendered island_trees.png
rendered tree_close.png
SLAB world bbox min [-1.502 -1.25  -0.104] max [1.25  1.25  0.421]
SLAB 2549 tris, 2549 smooth (100%), height 0.525
